--- adb starting (pid 25086) ---
08-21 20:26:23.283 25086 25086 I adb     : main.cpp:63 Android Debug Bridge version 1.0.41
08-21 20:26:23.283 25086 25086 I adb     : main.cpp:63 Version 35.0.2-android-tools
08-21 20:26:23.283 25086 25086 I adb     : main.cpp:63 Installed as /usr/bin/adb
08-21 20:26:23.283 25086 25086 I adb     : main.cpp:63 Running on Linux 6.15.9-201.fc42.x86_64 (x86_64)
08-21 20:26:23.283 25086 25086 I adb     : main.cpp:63 
08-21 20:26:23.292 25086 25086 I adb     : auth.cpp:416 adb_auth_init...
08-21 20:26:23.293 25086 25086 I adb     : auth.cpp:152 loaded new key from '/home/linuxadmin/.android/adbkey' with fingerprint C6CF84E5846536E384FEBF685A79C61E9C180FE42A644E6AC5FD8947DABD59CA
08-21 20:26:23.293 25086 25086 I adb     : auth.cpp:391 adb_auth_inotify_init...
08-21 20:26:23.305 25086 25102 I adb     : transport.cpp:313 emulator-5584: write thread spawning
08-21 20:26:23.305 25086 25101 I adb     : transport.cpp:341 emulator-5584: read thread spawning
08-21 20:26:23.307 25086 25101 I adb     : transport.cpp:345 emulator-5584: read failed: Success
08-21 20:26:23.307 25086 25101 I adb     : transport.cpp:1153 emulator-5584: connection terminated: read failed
08-21 20:26:23.307 25086 25086 I adb     : adb.cpp:177 emulator-5584: already offline
08-21 20:26:23.307 25086 25086 I adb     : transport.cpp:836 destroying transport emulator-5584
08-21 20:26:23.307 25086 25086 I adb     : transport.cpp:413 BlockingConnectionAdapter(emulator-5584): stopping
08-21 20:26:23.308 25086 25086 I adb     : transport.cpp:431 BlockingConnectionAdapter(emulator-5584): stopped
08-21 20:26:23.324 25086 25086 I adb     : transport.cpp:1710 fetching keys for transport ZY22JK89DR
08-21 20:26:23.324 25086 25086 I adb     : auth.cpp:468 Calling send_auth_response
08-21 20:26:23.365 25086 25086 I adb     : adb.cpp:181 ZY22JK89DR: offline
08-21 20:26:23.558 25086 25086 I adb     : transport.cpp:300 BlockingConnectionAdapter(emulator-5584): destructing
08-21 20:26:23.558 25086 25086 I adb     : transport.cpp:406 BlockingConnectionAdapter(emulator-5584): already stopped
08-21 20:26:24.559 25086 25138 I adb     : transport.cpp:341 emulator-5584: read thread spawning
08-21 20:26:24.560 25086 25139 I adb     : transport.cpp:313 emulator-5584: write thread spawning
08-21 20:26:24.561 25086 25138 I adb     : transport.cpp:345 emulator-5584: read failed: Success
08-21 20:26:24.561 25086 25138 I adb     : transport.cpp:1153 emulator-5584: connection terminated: read failed
08-21 20:26:24.561 25086 25086 I adb     : adb.cpp:177 emulator-5584: already offline
08-21 20:26:24.561 25086 25086 I adb     : transport.cpp:836 destroying transport emulator-5584
08-21 20:26:24.561 25086 25086 I adb     : transport.cpp:413 BlockingConnectionAdapter(emulator-5584): stopping
08-21 20:26:24.562 25086 25086 I adb     : transport.cpp:431 BlockingConnectionAdapter(emulator-5584): stopped
08-21 20:26:24.812 25086 25086 I adb     : transport.cpp:300 BlockingConnectionAdapter(emulator-5584): destructing
08-21 20:26:24.812 25086 25086 I adb     : transport.cpp:406 BlockingConnectionAdapter(emulator-5584): already stopped
08-21 20:26:25.813 25086 25146 I adb     : transport.cpp:341 emulator-5584: read thread spawning
08-21 20:26:25.813 25086 25147 I adb     : transport.cpp:313 emulator-5584: write thread spawning
08-21 20:26:25.814 25086 25146 I adb     : transport.cpp:345 emulator-5584: read failed: Success
08-21 20:26:25.814 25086 25146 I adb     : transport.cpp:1153 emulator-5584: connection terminated: read failed
08-21 20:26:25.814 25086 25086 I adb     : adb.cpp:177 emulator-5584: already offline
08-21 20:26:25.814 25086 25086 I adb     : transport.cpp:836 destroying transport emulator-5584
08-21 20:26:25.814 25086 25086 I adb     : transport.cpp:413 BlockingConnectionAdapter(emulator-5584): stopping
08-21 20:26:25.815 25086 25086 I adb     : transport.cpp:431 BlockingConnectionAdapter(emulator-5584): stopped
08-21 20:26:26.065 25086 25086 I adb     : transport.cpp:300 BlockingConnectionAdapter(emulator-5584): destructing
08-21 20:26:26.065 25086 25086 I adb     : transport.cpp:406 BlockingConnectionAdapter(emulator-5584): already stopped
08-21 20:26:27.066 25086 25148 I adb     : transport.cpp:341 emulator-5584: read thread spawning
08-21 20:26:27.066 25086 25149 I adb     : transport.cpp:313 emulator-5584: write thread spawning
08-21 20:26:27.066 25086 25148 I adb     : transport.cpp:345 emulator-5584: read failed: Success
08-21 20:26:27.066 25086 25148 I adb     : transport.cpp:1153 emulator-5584: connection terminated: read failed
08-21 20:26:27.067 25086 25086 I adb     : adb.cpp:177 emulator-5584: already offline
08-21 20:26:27.067 25086 25086 I adb     : transport.cpp:836 destroying transport emulator-5584
08-21 20:26:27.067 25086 25086 I adb     : transport.cpp:413 BlockingConnectionAdapter(emulator-5584): stopping
08-21 20:26:27.067 25086 25086 I adb     : transport.cpp:431 BlockingConnectionAdapter(emulator-5584): stopped
08-21 20:26:27.317 25086 25086 I adb     : transport.cpp:300 BlockingConnectionAdapter(emulator-5584): destructing
08-21 20:26:27.317 25086 25086 I adb     : transport.cpp:406 BlockingConnectionAdapter(emulator-5584): already stopped
08-21 20:26:28.318 25086 25151 I adb     : transport.cpp:313 emulator-5584: write thread spawning
08-21 20:26:28.318 25086 25150 I adb     : transport.cpp:341 emulator-5584: read thread spawning
08-21 20:26:28.319 25086 25150 I adb     : transport.cpp:345 emulator-5584: read failed: Success
08-21 20:26:28.319 25086 25150 I adb     : transport.cpp:1153 emulator-5584: connection terminated: read failed
08-21 20:26:28.320 25086 25086 I adb     : adb.cpp:177 emulator-5584: already offline
08-21 20:26:28.321 25086 25086 I adb     : transport.cpp:836 destroying transport emulator-5584
08-21 20:26:28.321 25086 25086 I adb     : transport.cpp:413 BlockingConnectionAdapter(emulator-5584): stopping
08-21 20:26:28.323 25086 25086 I adb     : transport.cpp:431 BlockingConnectionAdapter(emulator-5584): stopped
08-21 20:26:28.573 25086 25086 I adb     : transport.cpp:300 BlockingConnectionAdapter(emulator-5584): destructing
08-21 20:26:28.573 25086 25086 I adb     : transport.cpp:406 BlockingConnectionAdapter(emulator-5584): already stopped
08-21 20:26:29.575 25086 25153 I adb     : transport.cpp:341 emulator-5584: read thread spawning
08-21 20:26:29.575 25086 25154 I adb     : transport.cpp:313 emulator-5584: write thread spawning
08-21 20:26:29.576 25086 25153 I adb     : transport.cpp:345 emulator-5584: read failed: Success
08-21 20:26:29.576 25086 25153 I adb     : transport.cpp:1153 emulator-5584: connection terminated: read failed
08-21 20:26:29.576 25086 25086 I adb     : adb.cpp:177 emulator-5584: already offline
08-21 20:26:29.576 25086 25086 I adb     : transport.cpp:836 destroying transport emulator-5584
08-21 20:26:29.576 25086 25086 I adb     : transport.cpp:413 BlockingConnectionAdapter(emulator-5584): stopping
08-21 20:26:29.577 25086 25086 I adb     : transport.cpp:431 BlockingConnectionAdapter(emulator-5584): stopped
08-21 20:26:29.827 25086 25086 I adb     : transport.cpp:300 BlockingConnectionAdapter(emulator-5584): destructing
08-21 20:26:29.827 25086 25086 I adb     : transport.cpp:406 BlockingConnectionAdapter(emulator-5584): already stopped
08-21 20:26:30.828 25086 25155 I adb     : transport.cpp:341 emulator-5584: read thread spawning
08-21 20:26:30.829 25086 25156 I adb     : transport.cpp:313 emulator-5584: write thread spawning
08-21 20:26:30.830 25086 25155 I adb     : transport.cpp:345 emulator-5584: read failed: Success
08-21 20:26:30.830 25086 25155 I adb     : transport.cpp:1153 emulator-5584: connection terminated: read failed
08-21 20:26:30.830 25086 25086 I adb     : adb.cpp:177 emulator-5584: already offline
08-21 20:26:30.830 25086 25086 I adb     : transport.cpp:836 destroying transport emulator-5584
08-21 20:26:30.830 25086 25086 I adb     : transport.cpp:413 BlockingConnectionAdapter(emulator-5584): stopping
08-21 20:26:30.830 25086 25086 I adb     : transport.cpp:431 BlockingConnectionAdapter(emulator-5584): stopped
08-21 20:26:31.081 25086 25086 I adb     : transport.cpp:300 BlockingConnectionAdapter(emulator-5584): destructing
08-21 20:26:31.081 25086 25086 I adb     : transport.cpp:406 BlockingConnectionAdapter(emulator-5584): already stopped
08-21 20:26:32.082 25086 25157 I adb     : transport.cpp:341 emulator-5584: read thread spawning
08-21 20:26:32.082 25086 25158 I adb     : transport.cpp:313 emulator-5584: write thread spawning
08-21 20:26:32.082 25086 25157 I adb     : transport.cpp:345 emulator-5584: read failed: Success
08-21 20:26:32.082 25086 25157 I adb     : transport.cpp:1153 emulator-5584: connection terminated: read failed
08-21 20:26:32.083 25086 25086 I adb     : adb.cpp:177 emulator-5584: already offline
08-21 20:26:32.083 25086 25086 I adb     : transport.cpp:836 destroying transport emulator-5584
08-21 20:26:32.083 25086 25086 I adb     : transport.cpp:413 BlockingConnectionAdapter(emulator-5584): stopping
08-21 20:26:32.083 25086 25086 I adb     : transport.cpp:431 BlockingConnectionAdapter(emulator-5584): stopped
08-21 20:26:32.334 25086 25086 I adb     : transport.cpp:300 BlockingConnectionAdapter(emulator-5584): destructing
08-21 20:26:32.334 25086 25086 I adb     : transport.cpp:406 BlockingConnectionAdapter(emulator-5584): already stopped
08-21 20:26:33.335 25086 25159 I adb     : transport.cpp:341 emulator-5584: read thread spawning
08-21 20:26:33.336 25086 25160 I adb     : transport.cpp:313 emulator-5584: write thread spawning
08-21 20:26:33.337 25086 25159 I adb     : transport.cpp:345 emulator-5584: read failed: Success
08-21 20:26:33.338 25086 25159 I adb     : transport.cpp:1153 emulator-5584: connection terminated: read failed
08-21 20:26:33.338 25086 25086 I adb     : adb.cpp:177 emulator-5584: already offline
08-21 20:26:33.338 25086 25086 I adb     : transport.cpp:836 destroying transport emulator-5584
08-21 20:26:33.338 25086 25086 I adb     : transport.cpp:413 BlockingConnectionAdapter(emulator-5584): stopping
08-21 20:26:33.338 25086 25086 I adb     : transport.cpp:431 BlockingConnectionAdapter(emulator-5584): stopped
08-21 20:26:33.588 25086 25086 I adb     : transport.cpp:300 BlockingConnectionAdapter(emulator-5584): destructing
08-21 20:26:33.589 25086 25086 I adb     : transport.cpp:406 BlockingConnectionAdapter(emulator-5584): already stopped
08-21 20:26:34.590 25086 25161 I adb     : transport.cpp:341 emulator-5584: read thread spawning
08-21 20:26:34.590 25086 25162 I adb     : transport.cpp:313 emulator-5584: write thread spawning
08-21 20:26:34.591 25086 25161 I adb     : transport.cpp:345 emulator-5584: read failed: Success
08-21 20:26:34.592 25086 25161 I adb     : transport.cpp:1153 emulator-5584: connection terminated: read failed
08-21 20:26:34.592 25086 25086 I adb     : adb.cpp:177 emulator-5584: already offline
08-21 20:26:34.592 25086 25086 I adb     : transport.cpp:836 destroying transport emulator-5584
08-21 20:26:34.592 25086 25086 I adb     : transport.cpp:413 BlockingConnectionAdapter(emulator-5584): stopping
08-21 20:26:34.593 25086 25086 I adb     : transport.cpp:431 BlockingConnectionAdapter(emulator-5584): stopped
08-21 20:26:34.843 25086 25086 I adb     : transport.cpp:300 BlockingConnectionAdapter(emulator-5584): destructing
08-21 20:26:34.843 25086 25086 I adb     : transport.cpp:406 BlockingConnectionAdapter(emulator-5584): already stopped
08-21 20:26:35.844 25086 25199 I adb     : transport.cpp:341 emulator-5584: read thread spawning
08-21 20:26:35.844 25086 25200 I adb     : transport.cpp:313 emulator-5584: write thread spawning
08-21 20:26:35.846 25086 25199 I adb     : transport.cpp:345 emulator-5584: read failed: Success
08-21 20:26:35.846 25086 25199 I adb     : transport.cpp:1153 emulator-5584: connection terminated: read failed
08-21 20:26:35.846 25086 25086 I adb     : adb.cpp:177 emulator-5584: already offline
08-21 20:26:35.846 25086 25086 I adb     : transport.cpp:836 destroying transport emulator-5584
08-21 20:26:35.846 25086 25086 I adb     : transport.cpp:413 BlockingConnectionAdapter(emulator-5584): stopping
08-21 20:26:35.848 25086 25086 I adb     : transport.cpp:431 BlockingConnectionAdapter(emulator-5584): stopped
08-21 20:26:36.099 25086 25086 I adb     : transport.cpp:300 BlockingConnectionAdapter(emulator-5584): destructing
08-21 20:26:36.099 25086 25086 I adb     : transport.cpp:406 BlockingConnectionAdapter(emulator-5584): already stopped
08-21 20:26:37.099 25086 25552 I adb     : transport.cpp:341 emulator-5584: read thread spawning
08-21 20:26:37.100 25086 25553 I adb     : transport.cpp:313 emulator-5584: write thread spawning
08-21 20:26:37.100 25086 25552 I adb     : transport.cpp:345 emulator-5584: read failed: Success
08-21 20:26:37.100 25086 25552 I adb     : transport.cpp:1153 emulator-5584: connection terminated: read failed
08-21 20:26:37.100 25086 25086 I adb     : adb.cpp:177 emulator-5584: already offline
08-21 20:26:37.100 25086 25086 I adb     : transport.cpp:836 destroying transport emulator-5584
08-21 20:26:37.100 25086 25086 I adb     : transport.cpp:413 BlockingConnectionAdapter(emulator-5584): stopping
08-21 20:26:37.100 25086 25086 I adb     : transport.cpp:431 BlockingConnectionAdapter(emulator-5584): stopped
08-21 20:26:37.351 25086 25086 I adb     : transport.cpp:300 BlockingConnectionAdapter(emulator-5584): destructing
08-21 20:26:37.351 25086 25086 I adb     : transport.cpp:406 BlockingConnectionAdapter(emulator-5584): already stopped
08-21 20:26:38.351 25086 25627 I adb     : transport.cpp:341 emulator-5584: read thread spawning
08-21 20:26:38.352 25086 25628 I adb     : transport.cpp:313 emulator-5584: write thread spawning
08-21 20:26:38.352 25086 25627 I adb     : transport.cpp:345 emulator-5584: read failed: Success
08-21 20:26:38.352 25086 25627 I adb     : transport.cpp:1153 emulator-5584: connection terminated: read failed
08-21 20:26:38.352 25086 25086 I adb     : adb.cpp:177 emulator-5584: already offline
08-21 20:26:38.352 25086 25086 I adb     : transport.cpp:836 destroying transport emulator-5584
08-21 20:26:38.353 25086 25086 I adb     : transport.cpp:413 BlockingConnectionAdapter(emulator-5584): stopping
08-21 20:26:38.353 25086 25086 I adb     : transport.cpp:431 BlockingConnectionAdapter(emulator-5584): stopped
08-21 20:26:38.603 25086 25086 I adb     : transport.cpp:300 BlockingConnectionAdapter(emulator-5584): destructing
08-21 20:26:38.604 25086 25086 I adb     : transport.cpp:406 BlockingConnectionAdapter(emulator-5584): already stopped
08-21 20:26:39.605 25086 25629 I adb     : transport.cpp:341 emulator-5584: read thread spawning
08-21 20:26:39.606 25086 25630 I adb     : transport.cpp:313 emulator-5584: write thread spawning
08-21 20:26:39.607 25086 25629 I adb     : transport.cpp:345 emulator-5584: read failed: Success
08-21 20:26:39.607 25086 25629 I adb     : transport.cpp:1153 emulator-5584: connection terminated: read failed
08-21 20:26:39.607 25086 25086 I adb     : adb.cpp:177 emulator-5584: already offline
08-21 20:26:39.607 25086 25086 I adb     : transport.cpp:836 destroying transport emulator-5584
08-21 20:26:39.607 25086 25086 I adb     : transport.cpp:413 BlockingConnectionAdapter(emulator-5584): stopping
08-21 20:26:39.607 25086 25086 I adb     : transport.cpp:431 BlockingConnectionAdapter(emulator-5584): stopped
08-21 20:26:39.858 25086 25086 I adb     : transport.cpp:300 BlockingConnectionAdapter(emulator-5584): destructing
08-21 20:26:39.858 25086 25086 I adb     : transport.cpp:406 BlockingConnectionAdapter(emulator-5584): already stopped
08-21 20:26:40.859 25086 25631 I adb     : transport.cpp:341 emulator-5584: read thread spawning
08-21 20:26:40.859 25086 25632 I adb     : transport.cpp:313 emulator-5584: write thread spawning
08-21 20:26:40.860 25086 25631 I adb     : transport.cpp:345 emulator-5584: read failed: Success
08-21 20:26:40.860 25086 25631 I adb     : transport.cpp:1153 emulator-5584: connection terminated: read failed
08-21 20:26:40.861 25086 25086 I adb     : adb.cpp:177 emulator-5584: already offline
08-21 20:26:40.861 25086 25086 I adb     : transport.cpp:836 destroying transport emulator-5584
08-21 20:26:40.861 25086 25086 I adb     : transport.cpp:413 BlockingConnectionAdapter(emulator-5584): stopping
08-21 20:26:40.861 25086 25086 I adb     : transport.cpp:431 BlockingConnectionAdapter(emulator-5584): stopped
08-21 20:26:41.111 25086 25086 I adb     : transport.cpp:300 BlockingConnectionAdapter(emulator-5584): destructing
08-21 20:26:41.111 25086 25086 I adb     : transport.cpp:406 BlockingConnectionAdapter(emulator-5584): already stopped
08-21 20:26:42.112 25086 25643 I adb     : transport.cpp:341 emulator-5584: read thread spawning
08-21 20:26:42.113 25086 25644 I adb     : transport.cpp:313 emulator-5584: write thread spawning
08-21 20:26:42.114 25086 25643 I adb     : transport.cpp:345 emulator-5584: read failed: Success
08-21 20:26:42.114 25086 25643 I adb     : transport.cpp:1153 emulator-5584: connection terminated: read failed
08-21 20:26:42.114 25086 25086 I adb     : adb.cpp:177 emulator-5584: already offline
08-21 20:26:42.114 25086 25086 I adb     : transport.cpp:836 destroying transport emulator-5584
08-21 20:26:42.114 25086 25086 I adb     : transport.cpp:413 BlockingConnectionAdapter(emulator-5584): stopping
08-21 20:26:42.114 25086 25086 I adb     : transport.cpp:431 BlockingConnectionAdapter(emulator-5584): stopped
08-21 20:26:42.365 25086 25086 I adb     : transport.cpp:300 BlockingConnectionAdapter(emulator-5584): destructing
08-21 20:26:42.365 25086 25086 I adb     : transport.cpp:406 BlockingConnectionAdapter(emulator-5584): already stopped
08-21 20:26:43.365 25086 25655 I adb     : transport.cpp:341 emulator-5584: read thread spawning
08-21 20:26:43.366 25086 25656 I adb     : transport.cpp:313 emulator-5584: write thread spawning
08-21 20:26:43.366 25086 25655 I adb     : transport.cpp:345 emulator-5584: read failed: Success
08-21 20:26:43.366 25086 25655 I adb     : transport.cpp:1153 emulator-5584: connection terminated: read failed
08-21 20:26:43.366 25086 25086 I adb     : adb.cpp:177 emulator-5584: already offline
08-21 20:26:43.367 25086 25086 I adb     : transport.cpp:836 destroying transport emulator-5584
08-21 20:26:43.367 25086 25086 I adb     : transport.cpp:413 BlockingConnectionAdapter(emulator-5584): stopping
08-21 20:26:43.367 25086 25086 I adb     : transport.cpp:431 BlockingConnectionAdapter(emulator-5584): stopped
08-21 20:26:43.617 25086 25086 I adb     : transport.cpp:300 BlockingConnectionAdapter(emulator-5584): destructing
08-21 20:26:43.617 25086 25086 I adb     : transport.cpp:406 BlockingConnectionAdapter(emulator-5584): already stopped
08-21 20:26:44.618 25086 25657 I adb     : transport.cpp:341 emulator-5584: read thread spawning
08-21 20:26:44.618 25086 25658 I adb     : transport.cpp:313 emulator-5584: write thread spawning
08-21 20:26:44.619 25086 25657 I adb     : transport.cpp:345 emulator-5584: read failed: Success
08-21 20:26:44.619 25086 25657 I adb     : transport.cpp:1153 emulator-5584: connection terminated: read failed
08-21 20:26:44.619 25086 25086 I adb     : adb.cpp:177 emulator-5584: already offline
08-21 20:26:44.619 25086 25086 I adb     : transport.cpp:836 destroying transport emulator-5584
08-21 20:26:44.619 25086 25086 I adb     : transport.cpp:413 BlockingConnectionAdapter(emulator-5584): stopping
08-21 20:26:44.620 25086 25086 I adb     : transport.cpp:431 BlockingConnectionAdapter(emulator-5584): stopped
08-21 20:26:44.871 25086 25086 I adb     : transport.cpp:300 BlockingConnectionAdapter(emulator-5584): destructing
08-21 20:26:44.871 25086 25086 I adb     : transport.cpp:406 BlockingConnectionAdapter(emulator-5584): already stopped
08-21 20:26:45.872 25086 25659 I adb     : transport.cpp:341 emulator-5584: read thread spawning
08-21 20:26:45.872 25086 25660 I adb     : transport.cpp:313 emulator-5584: write thread spawning
08-21 20:26:45.873 25086 25659 I adb     : transport.cpp:345 emulator-5584: read failed: Success
08-21 20:26:45.873 25086 25659 I adb     : transport.cpp:1153 emulator-5584: connection terminated: read failed
08-21 20:26:45.873 25086 25086 I adb     : adb.cpp:177 emulator-5584: already offline
08-21 20:26:45.873 25086 25086 I adb     : transport.cpp:836 destroying transport emulator-5584
08-21 20:26:45.873 25086 25086 I adb     : transport.cpp:413 BlockingConnectionAdapter(emulator-5584): stopping
08-21 20:26:45.874 25086 25086 I adb     : transport.cpp:431 BlockingConnectionAdapter(emulator-5584): stopped
08-21 20:26:46.125 25086 25086 I adb     : transport.cpp:300 BlockingConnectionAdapter(emulator-5584): destructing
08-21 20:26:46.125 25086 25086 I adb     : transport.cpp:406 BlockingConnectionAdapter(emulator-5584): already stopped
08-21 20:26:47.126 25086 25661 I adb     : transport.cpp:341 emulator-5584: read thread spawning
08-21 20:26:47.126 25086 25662 I adb     : transport.cpp:313 emulator-5584: write thread spawning
08-21 20:26:47.126 25086 25661 I adb     : transport.cpp:345 emulator-5584: read failed: Success
08-21 20:26:47.126 25086 25661 I adb     : transport.cpp:1153 emulator-5584: connection terminated: read failed
08-21 20:26:47.127 25086 25086 I adb     : adb.cpp:177 emulator-5584: already offline
08-21 20:26:47.127 25086 25086 I adb     : transport.cpp:836 destroying transport emulator-5584
08-21 20:26:47.127 25086 25086 I adb     : transport.cpp:413 BlockingConnectionAdapter(emulator-5584): stopping
08-21 20:26:47.127 25086 25086 I adb     : transport.cpp:431 BlockingConnectionAdapter(emulator-5584): stopped
08-21 20:26:47.378 25086 25086 I adb     : transport.cpp:300 BlockingConnectionAdapter(emulator-5584): destructing
08-21 20:26:47.378 25086 25086 I adb     : transport.cpp:406 BlockingConnectionAdapter(emulator-5584): already stopped
08-21 20:26:48.379 25086 25676 I adb     : transport.cpp:341 emulator-5584: read thread spawning
08-21 20:26:48.379 25086 25677 I adb     : transport.cpp:313 emulator-5584: write thread spawning
08-21 20:26:48.379 25086 25676 I adb     : transport.cpp:345 emulator-5584: read failed: Success
08-21 20:26:48.379 25086 25676 I adb     : transport.cpp:1153 emulator-5584: connection terminated: read failed
08-21 20:26:48.380 25086 25086 I adb     : adb.cpp:177 emulator-5584: already offline
08-21 20:26:48.380 25086 25086 I adb     : transport.cpp:836 destroying transport emulator-5584
08-21 20:26:48.380 25086 25086 I adb     : transport.cpp:413 BlockingConnectionAdapter(emulator-5584): stopping
08-21 20:26:48.380 25086 25086 I adb     : transport.cpp:431 BlockingConnectionAdapter(emulator-5584): stopped
08-21 20:26:48.630 25086 25086 I adb     : transport.cpp:300 BlockingConnectionAdapter(emulator-5584): destructing
08-21 20:26:48.631 25086 25086 I adb     : transport.cpp:406 BlockingConnectionAdapter(emulator-5584): already stopped
08-21 20:26:49.631 25086 25678 I adb     : transport.cpp:341 emulator-5584: read thread spawning
08-21 20:26:49.631 25086 25679 I adb     : transport.cpp:313 emulator-5584: write thread spawning
08-21 20:26:49.632 25086 25678 I adb     : transport.cpp:345 emulator-5584: read failed: Success
08-21 20:26:49.632 25086 25678 I adb     : transport.cpp:1153 emulator-5584: connection terminated: read failed
08-21 20:26:49.632 25086 25086 I adb     : adb.cpp:177 emulator-5584: already offline
08-21 20:26:49.632 25086 25086 I adb     : transport.cpp:836 destroying transport emulator-5584
08-21 20:26:49.632 25086 25086 I adb     : transport.cpp:413 BlockingConnectionAdapter(emulator-5584): stopping
08-21 20:26:49.633 25086 25086 I adb     : transport.cpp:431 BlockingConnectionAdapter(emulator-5584): stopped
08-21 20:26:49.883 25086 25086 I adb     : transport.cpp:300 BlockingConnectionAdapter(emulator-5584): destructing
08-21 20:26:49.883 25086 25086 I adb     : transport.cpp:406 BlockingConnectionAdapter(emulator-5584): already stopped
08-21 20:26:50.884 25086 25680 I adb     : transport.cpp:341 emulator-5584: read thread spawning
08-21 20:26:50.884 25086 25681 I adb     : transport.cpp:313 emulator-5584: write thread spawning
08-21 20:26:50.884 25086 25680 I adb     : transport.cpp:345 emulator-5584: read failed: Success
08-21 20:26:50.884 25086 25680 I adb     : transport.cpp:1153 emulator-5584: connection terminated: read failed
08-21 20:26:50.884 25086 25086 I adb     : adb.cpp:177 emulator-5584: already offline
08-21 20:26:50.884 25086 25086 I adb     : transport.cpp:836 destroying transport emulator-5584
08-21 20:26:50.884 25086 25086 I adb     : transport.cpp:413 BlockingConnectionAdapter(emulator-5584): stopping
08-21 20:26:50.884 25086 25086 I adb     : transport.cpp:431 BlockingConnectionAdapter(emulator-5584): stopped
08-21 20:26:51.135 25086 25086 I adb     : transport.cpp:300 BlockingConnectionAdapter(emulator-5584): destructing
08-21 20:26:51.135 25086 25086 I adb     : transport.cpp:406 BlockingConnectionAdapter(emulator-5584): already stopped
08-21 20:26:52.136 25086 25682 I adb     : transport.cpp:341 emulator-5584: read thread spawning
08-21 20:26:52.136 25086 25683 I adb     : transport.cpp:313 emulator-5584: write thread spawning
08-21 20:26:52.137 25086 25682 I adb     : transport.cpp:345 emulator-5584: read failed: Success
08-21 20:26:52.137 25086 25682 I adb     : transport.cpp:1153 emulator-5584: connection terminated: read failed
08-21 20:26:52.137 25086 25086 I adb     : adb.cpp:177 emulator-5584: already offline
08-21 20:26:52.137 25086 25086 I adb     : transport.cpp:836 destroying transport emulator-5584
08-21 20:26:52.138 25086 25086 I adb     : transport.cpp:413 BlockingConnectionAdapter(emulator-5584): stopping
08-21 20:26:52.138 25086 25086 I adb     : transport.cpp:431 BlockingConnectionAdapter(emulator-5584): stopped
08-21 20:26:52.388 25086 25086 I adb     : transport.cpp:300 BlockingConnectionAdapter(emulator-5584): destructing
08-21 20:26:52.388 25086 25086 I adb     : transport.cpp:406 BlockingConnectionAdapter(emulator-5584): already stopped
08-21 20:26:53.390 25086 25685 I adb     : transport.cpp:341 emulator-5584: read thread spawning
08-21 20:26:53.391 25086 25686 I adb     : transport.cpp:313 emulator-5584: write thread spawning
08-21 20:26:53.392 25086 25685 I adb     : transport.cpp:345 emulator-5584: read failed: Success
08-21 20:26:53.392 25086 25685 I adb     : transport.cpp:1153 emulator-5584: connection terminated: read failed
08-21 20:26:53.392 25086 25086 I adb     : adb.cpp:177 emulator-5584: already offline
08-21 20:26:53.392 25086 25086 I adb     : transport.cpp:836 destroying transport emulator-5584
08-21 20:26:53.392 25086 25086 I adb     : transport.cpp:413 BlockingConnectionAdapter(emulator-5584): stopping
08-21 20:26:53.392 25086 25086 I adb     : transport.cpp:431 BlockingConnectionAdapter(emulator-5584): stopped
08-21 20:26:53.642 25086 25086 I adb     : transport.cpp:300 BlockingConnectionAdapter(emulator-5584): destructing
08-21 20:26:53.643 25086 25086 I adb     : transport.cpp:406 BlockingConnectionAdapter(emulator-5584): already stopped
08-21 20:26:54.644 25086 25688 I adb     : transport.cpp:341 emulator-5584: read thread spawning
08-21 20:26:54.644 25086 25689 I adb     : transport.cpp:313 emulator-5584: write thread spawning
08-21 20:26:54.644 25086 25688 I adb     : transport.cpp:345 emulator-5584: read failed: Success
08-21 20:26:54.644 25086 25688 I adb     : transport.cpp:1153 emulator-5584: connection terminated: read failed
08-21 20:26:54.645 25086 25086 I adb     : adb.cpp:177 emulator-5584: already offline
08-21 20:26:54.645 25086 25086 I adb     : transport.cpp:836 destroying transport emulator-5584
08-21 20:26:54.645 25086 25086 I adb     : transport.cpp:413 BlockingConnectionAdapter(emulator-5584): stopping
08-21 20:26:54.645 25086 25086 I adb     : transport.cpp:431 BlockingConnectionAdapter(emulator-5584): stopped
08-21 20:26:54.896 25086 25086 I adb     : transport.cpp:300 BlockingConnectionAdapter(emulator-5584): destructing
08-21 20:26:54.896 25086 25086 I adb     : transport.cpp:406 BlockingConnectionAdapter(emulator-5584): already stopped
08-21 20:26:55.897 25086 25690 I adb     : transport.cpp:341 emulator-5584: read thread spawning
08-21 20:26:55.897 25086 25691 I adb     : transport.cpp:313 emulator-5584: write thread spawning
08-21 20:26:55.897 25086 25690 I adb     : transport.cpp:345 emulator-5584: read failed: Success
08-21 20:26:55.897 25086 25690 I adb     : transport.cpp:1153 emulator-5584: connection terminated: read failed
08-21 20:26:55.898 25086 25086 I adb     : adb.cpp:177 emulator-5584: already offline
08-21 20:26:55.898 25086 25086 I adb     : transport.cpp:836 destroying transport emulator-5584
08-21 20:26:55.898 25086 25086 I adb     : transport.cpp:413 BlockingConnectionAdapter(emulator-5584): stopping
08-21 20:26:55.898 25086 25086 I adb     : transport.cpp:431 BlockingConnectionAdapter(emulator-5584): stopped
08-21 20:26:56.149 25086 25086 I adb     : transport.cpp:300 BlockingConnectionAdapter(emulator-5584): destructing
08-21 20:26:56.149 25086 25086 I adb     : transport.cpp:406 BlockingConnectionAdapter(emulator-5584): already stopped
08-21 20:26:57.151 25086 25700 I adb     : transport.cpp:341 emulator-5584: read thread spawning
08-21 20:26:57.152 25086 25701 I adb     : transport.cpp:313 emulator-5584: write thread spawning
08-21 20:26:57.152 25086 25700 I adb     : transport.cpp:345 emulator-5584: read failed: Success
08-21 20:26:57.152 25086 25700 I adb     : transport.cpp:1153 emulator-5584: connection terminated: read failed
08-21 20:26:57.153 25086 25086 I adb     : adb.cpp:177 emulator-5584: already offline
08-21 20:26:57.153 25086 25086 I adb     : transport.cpp:836 destroying transport emulator-5584
08-21 20:26:57.153 25086 25086 I adb     : transport.cpp:413 BlockingConnectionAdapter(emulator-5584): stopping
08-21 20:26:57.153 25086 25086 I adb     : transport.cpp:431 BlockingConnectionAdapter(emulator-5584): stopped
08-21 20:26:57.403 25086 25086 I adb     : transport.cpp:300 BlockingConnectionAdapter(emulator-5584): destructing
08-21 20:26:57.403 25086 25086 I adb     : transport.cpp:406 BlockingConnectionAdapter(emulator-5584): already stopped
08-21 20:26:58.404 25086 25740 I adb     : transport.cpp:341 emulator-5584: read thread spawning
08-21 20:26:58.405 25086 25741 I adb     : transport.cpp:313 emulator-5584: write thread spawning
08-21 20:26:58.406 25086 25740 I adb     : transport.cpp:345 emulator-5584: read failed: Success
08-21 20:26:58.406 25086 25740 I adb     : transport.cpp:1153 emulator-5584: connection terminated: read failed
08-21 20:26:58.406 25086 25086 I adb     : adb.cpp:177 emulator-5584: already offline
08-21 20:26:58.406 25086 25086 I adb     : transport.cpp:836 destroying transport emulator-5584
08-21 20:26:58.406 25086 25086 I adb     : transport.cpp:413 BlockingConnectionAdapter(emulator-5584): stopping
08-21 20:26:58.406 25086 25086 I adb     : transport.cpp:431 BlockingConnectionAdapter(emulator-5584): stopped
08-21 20:26:58.657 25086 25086 I adb     : transport.cpp:300 BlockingConnectionAdapter(emulator-5584): destructing
08-21 20:26:58.657 25086 25086 I adb     : transport.cpp:406 BlockingConnectionAdapter(emulator-5584): already stopped
08-21 20:26:59.657 25086 25749 I adb     : transport.cpp:341 emulator-5584: read thread spawning
08-21 20:26:59.657 25086 25750 I adb     : transport.cpp:313 emulator-5584: write thread spawning
08-21 20:26:59.658 25086 25749 I adb     : transport.cpp:345 emulator-5584: read failed: Success
08-21 20:26:59.658 25086 25749 I adb     : transport.cpp:1153 emulator-5584: connection terminated: read failed
08-21 20:26:59.658 25086 25086 I adb     : adb.cpp:177 emulator-5584: already offline
08-21 20:26:59.658 25086 25086 I adb     : transport.cpp:836 destroying transport emulator-5584
08-21 20:26:59.658 25086 25086 I adb     : transport.cpp:413 BlockingConnectionAdapter(emulator-5584): stopping
08-21 20:26:59.658 25086 25086 I adb     : transport.cpp:431 BlockingConnectionAdapter(emulator-5584): stopped
08-21 20:26:59.908 25086 25086 I adb     : transport.cpp:300 BlockingConnectionAdapter(emulator-5584): destructing
08-21 20:26:59.908 25086 25086 I adb     : transport.cpp:406 BlockingConnectionAdapter(emulator-5584): already stopped
08-21 20:27:00.909 25086 25753 I adb     : transport.cpp:341 emulator-5584: read thread spawning
08-21 20:27:00.909 25086 25754 I adb     : transport.cpp:313 emulator-5584: write thread spawning
08-21 20:27:00.910 25086 25753 I adb     : transport.cpp:345 emulator-5584: read failed: Success
08-21 20:27:00.910 25086 25753 I adb     : transport.cpp:1153 emulator-5584: connection terminated: read failed
08-21 20:27:00.910 25086 25086 I adb     : adb.cpp:177 emulator-5584: already offline
08-21 20:27:00.910 25086 25086 I adb     : transport.cpp:836 destroying transport emulator-5584
08-21 20:27:00.910 25086 25086 I adb     : transport.cpp:413 BlockingConnectionAdapter(emulator-5584): stopping
08-21 20:27:00.910 25086 25086 I adb     : transport.cpp:431 BlockingConnectionAdapter(emulator-5584): stopped
08-21 20:27:01.162 25086 25086 I adb     : transport.cpp:300 BlockingConnectionAdapter(emulator-5584): destructing
08-21 20:27:01.162 25086 25086 I adb     : transport.cpp:406 BlockingConnectionAdapter(emulator-5584): already stopped
08-21 20:27:02.163 25086 25756 I adb     : transport.cpp:341 emulator-5584: read thread spawning
08-21 20:27:02.163 25086 25757 I adb     : transport.cpp:313 emulator-5584: write thread spawning
08-21 20:27:02.163 25086 25756 I adb     : transport.cpp:345 emulator-5584: read failed: Success
08-21 20:27:02.163 25086 25756 I adb     : transport.cpp:1153 emulator-5584: connection terminated: read failed
08-21 20:27:02.164 25086 25086 I adb     : adb.cpp:177 emulator-5584: already offline
08-21 20:27:02.164 25086 25086 I adb     : transport.cpp:836 destroying transport emulator-5584
08-21 20:27:02.164 25086 25086 I adb     : transport.cpp:413 BlockingConnectionAdapter(emulator-5584): stopping
08-21 20:27:02.164 25086 25086 I adb     : transport.cpp:431 BlockingConnectionAdapter(emulator-5584): stopped
08-21 20:27:02.414 25086 25086 I adb     : transport.cpp:300 BlockingConnectionAdapter(emulator-5584): destructing
08-21 20:27:02.415 25086 25086 I adb     : transport.cpp:406 BlockingConnectionAdapter(emulator-5584): already stopped
08-21 20:27:03.415 25086 25764 I adb     : transport.cpp:313 emulator-5584: write thread spawning
08-21 20:27:03.415 25086 25763 I adb     : transport.cpp:341 emulator-5584: read thread spawning
08-21 20:27:03.415 25086 25763 I adb     : transport.cpp:345 emulator-5584: read failed: Success
08-21 20:27:03.415 25086 25763 I adb     : transport.cpp:1153 emulator-5584: connection terminated: read failed
08-21 20:27:03.415 25086 25086 I adb     : adb.cpp:177 emulator-5584: already offline
08-21 20:27:03.415 25086 25086 I adb     : transport.cpp:836 destroying transport emulator-5584
08-21 20:27:03.415 25086 25086 I adb     : transport.cpp:413 BlockingConnectionAdapter(emulator-5584): stopping
08-21 20:27:03.416 25086 25086 I adb     : transport.cpp:431 BlockingConnectionAdapter(emulator-5584): stopped
08-21 20:27:03.666 25086 25086 I adb     : transport.cpp:300 BlockingConnectionAdapter(emulator-5584): destructing
08-21 20:27:03.666 25086 25086 I adb     : transport.cpp:406 BlockingConnectionAdapter(emulator-5584): already stopped
08-21 20:27:04.666 25086 25766 I adb     : transport.cpp:341 emulator-5584: read thread spawning
08-21 20:27:04.666 25086 25767 I adb     : transport.cpp:313 emulator-5584: write thread spawning
08-21 20:27:04.667 25086 25766 I adb     : transport.cpp:345 emulator-5584: read failed: Success
08-21 20:27:04.667 25086 25766 I adb     : transport.cpp:1153 emulator-5584: connection terminated: read failed
08-21 20:27:04.667 25086 25086 I adb     : adb.cpp:177 emulator-5584: already offline
08-21 20:27:04.667 25086 25086 I adb     : transport.cpp:836 destroying transport emulator-5584
08-21 20:27:04.667 25086 25086 I adb     : transport.cpp:413 BlockingConnectionAdapter(emulator-5584): stopping
08-21 20:27:04.667 25086 25086 I adb     : transport.cpp:431 BlockingConnectionAdapter(emulator-5584): stopped
08-21 20:27:04.917 25086 25086 I adb     : transport.cpp:300 BlockingConnectionAdapter(emulator-5584): destructing
08-21 20:27:04.918 25086 25086 I adb     : transport.cpp:406 BlockingConnectionAdapter(emulator-5584): already stopped
08-21 20:27:05.918 25086 25768 I adb     : transport.cpp:341 emulator-5584: read thread spawning
08-21 20:27:05.918 25086 25769 I adb     : transport.cpp:313 emulator-5584: write thread spawning
08-21 20:27:05.919 25086 25768 I adb     : transport.cpp:345 emulator-5584: read failed: Success
08-21 20:27:05.919 25086 25768 I adb     : transport.cpp:1153 emulator-5584: connection terminated: read failed
08-21 20:27:05.919 25086 25086 I adb     : adb.cpp:177 emulator-5584: already offline
08-21 20:27:05.919 25086 25086 I adb     : transport.cpp:836 destroying transport emulator-5584
08-21 20:27:05.919 25086 25086 I adb     : transport.cpp:413 BlockingConnectionAdapter(emulator-5584): stopping
08-21 20:27:05.920 25086 25086 I adb     : transport.cpp:431 BlockingConnectionAdapter(emulator-5584): stopped
08-21 20:27:06.170 25086 25086 I adb     : transport.cpp:300 BlockingConnectionAdapter(emulator-5584): destructing
08-21 20:27:06.170 25086 25086 I adb     : transport.cpp:406 BlockingConnectionAdapter(emulator-5584): already stopped
08-21 20:27:07.172 25086 25770 I adb     : transport.cpp:341 emulator-5584: read thread spawning
08-21 20:27:07.172 25086 25771 I adb     : transport.cpp:313 emulator-5584: write thread spawning
08-21 20:27:07.173 25086 25770 I adb     : transport.cpp:345 emulator-5584: read failed: Success
08-21 20:27:07.173 25086 25770 I adb     : transport.cpp:1153 emulator-5584: connection terminated: read failed
08-21 20:27:07.174 25086 25086 I adb     : adb.cpp:177 emulator-5584: already offline
08-21 20:27:07.174 25086 25086 I adb     : transport.cpp:836 destroying transport emulator-5584
08-21 20:27:07.174 25086 25086 I adb     : transport.cpp:413 BlockingConnectionAdapter(emulator-5584): stopping
08-21 20:27:07.174 25086 25086 I adb     : transport.cpp:431 BlockingConnectionAdapter(emulator-5584): stopped
08-21 20:27:07.425 25086 25086 I adb     : transport.cpp:300 BlockingConnectionAdapter(emulator-5584): destructing
08-21 20:27:07.425 25086 25086 I adb     : transport.cpp:406 BlockingConnectionAdapter(emulator-5584): already stopped
08-21 20:27:08.426 25086 25772 I adb     : transport.cpp:341 emulator-5584: read thread spawning
08-21 20:27:08.426 25086 25773 I adb     : transport.cpp:313 emulator-5584: write thread spawning
08-21 20:27:08.426 25086 25772 I adb     : transport.cpp:345 emulator-5584: read failed: Success
08-21 20:27:08.426 25086 25772 I adb     : transport.cpp:1153 emulator-5584: connection terminated: read failed
08-21 20:27:08.427 25086 25086 I adb     : adb.cpp:177 emulator-5584: already offline
08-21 20:27:08.427 25086 25086 I adb     : transport.cpp:836 destroying transport emulator-5584
08-21 20:27:08.427 25086 25086 I adb     : transport.cpp:413 BlockingConnectionAdapter(emulator-5584): stopping
08-21 20:27:08.427 25086 25086 I adb     : transport.cpp:431 BlockingConnectionAdapter(emulator-5584): stopped
08-21 20:27:08.677 25086 25086 I adb     : transport.cpp:300 BlockingConnectionAdapter(emulator-5584): destructing
08-21 20:27:08.677 25086 25086 I adb     : transport.cpp:406 BlockingConnectionAdapter(emulator-5584): already stopped
08-21 20:27:09.678 25086 25774 I adb     : transport.cpp:341 emulator-5584: read thread spawning
08-21 20:27:09.678 25086 25775 I adb     : transport.cpp:313 emulator-5584: write thread spawning
08-21 20:27:09.679 25086 25774 I adb     : transport.cpp:345 emulator-5584: read failed: Success
08-21 20:27:09.679 25086 25774 I adb     : transport.cpp:1153 emulator-5584: connection terminated: read failed
08-21 20:27:09.679 25086 25086 I adb     : adb.cpp:177 emulator-5584: already offline
08-21 20:27:09.679 25086 25086 I adb     : transport.cpp:836 destroying transport emulator-5584
08-21 20:27:09.679 25086 25086 I adb     : transport.cpp:413 BlockingConnectionAdapter(emulator-5584): stopping
08-21 20:27:09.680 25086 25086 I adb     : transport.cpp:431 BlockingConnectionAdapter(emulator-5584): stopped
08-21 20:27:09.930 25086 25086 I adb     : transport.cpp:300 BlockingConnectionAdapter(emulator-5584): destructing
08-21 20:27:09.930 25086 25086 I adb     : transport.cpp:406 BlockingConnectionAdapter(emulator-5584): already stopped
08-21 20:27:10.931 25086 25814 I adb     : transport.cpp:341 emulator-5584: read thread spawning
08-21 20:27:10.931 25086 25815 I adb     : transport.cpp:313 emulator-5584: write thread spawning
08-21 20:27:10.932 25086 25814 I adb     : transport.cpp:345 emulator-5584: read failed: Success
08-21 20:27:10.932 25086 25814 I adb     : transport.cpp:1153 emulator-5584: connection terminated: read failed
08-21 20:27:10.932 25086 25086 I adb     : adb.cpp:177 emulator-5584: already offline
08-21 20:27:10.932 25086 25086 I adb     : transport.cpp:836 destroying transport emulator-5584
08-21 20:27:10.932 25086 25086 I adb     : transport.cpp:413 BlockingConnectionAdapter(emulator-5584): stopping
08-21 20:27:10.932 25086 25086 I adb     : transport.cpp:431 BlockingConnectionAdapter(emulator-5584): stopped
08-21 20:27:11.182 25086 25086 I adb     : transport.cpp:300 BlockingConnectionAdapter(emulator-5584): destructing
08-21 20:27:11.183 25086 25086 I adb     : transport.cpp:406 BlockingConnectionAdapter(emulator-5584): already stopped
08-21 20:27:12.183 25086 25817 I adb     : transport.cpp:341 emulator-5584: read thread spawning
08-21 20:27:12.183 25086 25818 I adb     : transport.cpp:313 emulator-5584: write thread spawning
08-21 20:27:12.184 25086 25817 I adb     : transport.cpp:345 emulator-5584: read failed: Success
08-21 20:27:12.184 25086 25817 I adb     : transport.cpp:1153 emulator-5584: connection terminated: read failed
08-21 20:27:12.184 25086 25086 I adb     : adb.cpp:177 emulator-5584: already offline
08-21 20:27:12.184 25086 25086 I adb     : transport.cpp:836 destroying transport emulator-5584
08-21 20:27:12.184 25086 25086 I adb     : transport.cpp:413 BlockingConnectionAdapter(emulator-5584): stopping
08-21 20:27:12.184 25086 25086 I adb     : transport.cpp:431 BlockingConnectionAdapter(emulator-5584): stopped
08-21 20:27:12.434 25086 25086 I adb     : transport.cpp:300 BlockingConnectionAdapter(emulator-5584): destructing
08-21 20:27:12.434 25086 25086 I adb     : transport.cpp:406 BlockingConnectionAdapter(emulator-5584): already stopped
08-21 20:27:13.435 25086 25819 I adb     : transport.cpp:341 emulator-5584: read thread spawning
08-21 20:27:13.435 25086 25820 I adb     : transport.cpp:313 emulator-5584: write thread spawning
08-21 20:27:13.436 25086 25819 I adb     : transport.cpp:345 emulator-5584: read failed: Success
08-21 20:27:13.436 25086 25819 I adb     : transport.cpp:1153 emulator-5584: connection terminated: read failed
08-21 20:27:13.436 25086 25086 I adb     : adb.cpp:177 emulator-5584: already offline
08-21 20:27:13.436 25086 25086 I adb     : transport.cpp:836 destroying transport emulator-5584
08-21 20:27:13.436 25086 25086 I adb     : transport.cpp:413 BlockingConnectionAdapter(emulator-5584): stopping
08-21 20:27:13.436 25086 25086 I adb     : transport.cpp:431 BlockingConnectionAdapter(emulator-5584): stopped
08-21 20:27:13.687 25086 25086 I adb     : transport.cpp:300 BlockingConnectionAdapter(emulator-5584): destructing
08-21 20:27:13.687 25086 25086 I adb     : transport.cpp:406 BlockingConnectionAdapter(emulator-5584): already stopped
08-21 20:27:14.688 25086 25825 I adb     : transport.cpp:341 emulator-5584: read thread spawning
08-21 20:27:14.688 25086 25826 I adb     : transport.cpp:313 emulator-5584: write thread spawning
08-21 20:27:14.689 25086 25825 I adb     : transport.cpp:345 emulator-5584: read failed: Success
08-21 20:27:14.689 25086 25825 I adb     : transport.cpp:1153 emulator-5584: connection terminated: read failed
08-21 20:27:14.689 25086 25086 I adb     : adb.cpp:177 emulator-5584: already offline
08-21 20:27:14.689 25086 25086 I adb     : transport.cpp:836 destroying transport emulator-5584
08-21 20:27:14.689 25086 25086 I adb     : transport.cpp:413 BlockingConnectionAdapter(emulator-5584): stopping
08-21 20:27:14.689 25086 25086 I adb     : transport.cpp:431 BlockingConnectionAdapter(emulator-5584): stopped
08-21 20:27:14.940 25086 25086 I adb     : transport.cpp:300 BlockingConnectionAdapter(emulator-5584): destructing
08-21 20:27:14.940 25086 25086 I adb     : transport.cpp:406 BlockingConnectionAdapter(emulator-5584): already stopped
08-21 20:27:15.940 25086 25830 I adb     : transport.cpp:341 emulator-5584: read thread spawning
08-21 20:27:15.940 25086 25831 I adb     : transport.cpp:313 emulator-5584: write thread spawning
08-21 20:27:15.941 25086 25830 I adb     : transport.cpp:345 emulator-5584: read failed: Success
08-21 20:27:15.941 25086 25830 I adb     : transport.cpp:1153 emulator-5584: connection terminated: read failed
08-21 20:27:15.941 25086 25086 I adb     : adb.cpp:177 emulator-5584: already offline
08-21 20:27:15.941 25086 25086 I adb     : transport.cpp:836 destroying transport emulator-5584
08-21 20:27:15.941 25086 25086 I adb     : transport.cpp:413 BlockingConnectionAdapter(emulator-5584): stopping
08-21 20:27:15.941 25086 25086 I adb     : transport.cpp:431 BlockingConnectionAdapter(emulator-5584): stopped
08-21 20:27:16.191 25086 25086 I adb     : transport.cpp:300 BlockingConnectionAdapter(emulator-5584): destructing
08-21 20:27:16.191 25086 25086 I adb     : transport.cpp:406 BlockingConnectionAdapter(emulator-5584): already stopped
08-21 20:27:17.192 25086 25832 I adb     : transport.cpp:341 emulator-5584: read thread spawning
08-21 20:27:17.192 25086 25833 I adb     : transport.cpp:313 emulator-5584: write thread spawning
08-21 20:27:17.193 25086 25832 I adb     : transport.cpp:345 emulator-5584: read failed: Success
08-21 20:27:17.193 25086 25832 I adb     : transport.cpp:1153 emulator-5584: connection terminated: read failed
08-21 20:27:17.193 25086 25086 I adb     : adb.cpp:177 emulator-5584: already offline
08-21 20:27:17.193 25086 25086 I adb     : transport.cpp:836 destroying transport emulator-5584
08-21 20:27:17.193 25086 25086 I adb     : transport.cpp:413 BlockingConnectionAdapter(emulator-5584): stopping
08-21 20:27:17.194 25086 25086 I adb     : transport.cpp:431 BlockingConnectionAdapter(emulator-5584): stopped
08-21 20:27:17.444 25086 25086 I adb     : transport.cpp:300 BlockingConnectionAdapter(emulator-5584): destructing
08-21 20:27:17.444 25086 25086 I adb     : transport.cpp:406 BlockingConnectionAdapter(emulator-5584): already stopped
08-21 20:27:18.445 25086 25834 I adb     : transport.cpp:341 emulator-5584: read thread spawning
08-21 20:27:18.445 25086 25835 I adb     : transport.cpp:313 emulator-5584: write thread spawning
08-21 20:27:18.446 25086 25834 I adb     : transport.cpp:345 emulator-5584: read failed: Success
08-21 20:27:18.446 25086 25834 I adb     : transport.cpp:1153 emulator-5584: connection terminated: read failed
08-21 20:27:18.446 25086 25086 I adb     : adb.cpp:177 emulator-5584: already offline
08-21 20:27:18.446 25086 25086 I adb     : transport.cpp:836 destroying transport emulator-5584
08-21 20:27:18.446 25086 25086 I adb     : transport.cpp:413 BlockingConnectionAdapter(emulator-5584): stopping
08-21 20:27:18.447 25086 25086 I adb     : transport.cpp:431 BlockingConnectionAdapter(emulator-5584): stopped
08-21 20:27:18.697 25086 25086 I adb     : transport.cpp:300 BlockingConnectionAdapter(emulator-5584): destructing
08-21 20:27:18.697 25086 25086 I adb     : transport.cpp:406 BlockingConnectionAdapter(emulator-5584): already stopped
08-21 20:27:19.698 25086 25836 I adb     : transport.cpp:341 emulator-5584: read thread spawning
08-21 20:27:19.698 25086 25837 I adb     : transport.cpp:313 emulator-5584: write thread spawning
08-21 20:27:19.698 25086 25836 I adb     : transport.cpp:345 emulator-5584: read failed: Success
08-21 20:27:19.698 25086 25836 I adb     : transport.cpp:1153 emulator-5584: connection terminated: read failed
08-21 20:27:19.698 25086 25086 I adb     : adb.cpp:177 emulator-5584: already offline
08-21 20:27:19.698 25086 25086 I adb     : transport.cpp:836 destroying transport emulator-5584
08-21 20:27:19.698 25086 25086 I adb     : transport.cpp:413 BlockingConnectionAdapter(emulator-5584): stopping
08-21 20:27:19.698 25086 25086 I adb     : transport.cpp:431 BlockingConnectionAdapter(emulator-5584): stopped
08-21 20:27:19.948 25086 25086 I adb     : transport.cpp:300 BlockingConnectionAdapter(emulator-5584): destructing
08-21 20:27:19.948 25086 25086 I adb     : transport.cpp:406 BlockingConnectionAdapter(emulator-5584): already stopped
08-21 20:27:20.949 25086 25838 I adb     : transport.cpp:341 emulator-5584: read thread spawning
08-21 20:27:20.949 25086 25839 I adb     : transport.cpp:313 emulator-5584: write thread spawning
08-21 20:27:20.950 25086 25838 I adb     : transport.cpp:345 emulator-5584: read failed: Success
08-21 20:27:20.950 25086 25838 I adb     : transport.cpp:1153 emulator-5584: connection terminated: read failed
08-21 20:27:20.950 25086 25086 I adb     : adb.cpp:177 emulator-5584: already offline
08-21 20:27:20.950 25086 25086 I adb     : transport.cpp:836 destroying transport emulator-5584
08-21 20:27:20.950 25086 25086 I adb     : transport.cpp:413 BlockingConnectionAdapter(emulator-5584): stopping
08-21 20:27:20.950 25086 25086 I adb     : transport.cpp:431 BlockingConnectionAdapter(emulator-5584): stopped
08-21 20:27:21.200 25086 25086 I adb     : transport.cpp:300 BlockingConnectionAdapter(emulator-5584): destructing
